Recent Play Voice Configs: [
  {
    id: 'eeda2052-1a45-4d78-9a68-7581549e15ba',
    source_type: 'private_script',
    source_id: 'fe2b08eb-d930-4baa-8eb4-f9e09dc76321',
    character_name: 'didascalies',
    voice: 'Aoede',
    created_by: 'd7ac959a-e556-46dd-a417-71f143e35fba',
    troupe_id: null,
    created_at: '2026-03-02T16:27:02.380293+00:00',
    provider: 'google',
    settings: {}
  },
  {
    id: '3be4cc74-9bc6-4583-b708-fb5828c010f2',
    source_type: 'private_script',
    source_id: 'fe2b08eb-d930-4baa-8eb4-f9e09dc76321',
    character_name: 'CHOUILLOUX',
    voice: 'Achird',
    created_by: 'd7ac959a-e556-46dd-a417-71f143e35fba',
    troupe_id: null,
    created_at: '2026-03-02T16:27:02.380293+00:00',
    provider: 'google',
    settings: {}
  },
  {
    id: '8472211a-5f38-45b6-9894-9556d2f83fbe',
    source_type: 'private_script',
    source_id: 'fe2b08eb-d930-4baa-8eb4-f9e09dc76321',
    character_name: 'FOLLAVOINE',
    voice: 'Despina',
    created_by: 'd7ac959a-e556-46dd-a417-71f143e35fba',
    troupe_id: null,
    created_at: '2026-03-02T16:27:02.380293+00:00',
    provider: 'google',
    settings: {}
  },
  {
    id: '88be2124-6248-4577-8569-91c39db74f7c',
    source_type: 'private_script',
    source_id: 'fe2b08eb-d930-4baa-8eb4-f9e09dc76321',
    character_name: 'MADAME CHOUILLOUX',
    voice: 'Laomedeia',
    created_by: 'd7ac959a-e556-46dd-a417-71f143e35fba',
    troupe_id: null,
    created_at: '2026-03-02T16:27:02.380293+00:00',
    provider: 'google',
    settings: {}
  },
  {
    id: '9903ff98-b3a8-40a0-b3c3-23879ef474db',
    source_type: 'private_script',
    source_id: 'fe2b08eb-d930-4baa-8eb4-f9e09dc76321',
    character_name: 'TOTO',
    voice: 'Aoede',
    created_by: 'd7ac959a-e556-46dd-a417-71f143e35fba',
    troupe_id: null,
    created_at: '2026-03-02T16:27:02.380293+00:00',
    provider: 'google',
    settings: {}
  },
  {
    id: '93e0d118-971d-4f3d-86b9-6bc52dd19a4e',
    source_type: 'private_script',
    source_id: 'fe2b08eb-d930-4baa-8eb4-f9e09dc76321',
    character_name: 'JULIE',
    voice: 'Orus',
    created_by: 'd7ac959a-e556-46dd-a417-71f143e35fba',
    troupe_id: null,
    created_at: '2026-03-02T16:27:02.380293+00:00',
    provider: 'google',
    settings: {}
  },
  {
    id: '25655946-f24f-461a-8399-1981298c56a5',
    source_type: 'private_script',
    source_id: 'fe2b08eb-d930-4baa-8eb4-f9e09dc76321',
    character_name: 'TRUCHET',
    voice: 'Achird',
    created_by: 'd7ac959a-e556-46dd-a417-71f143e35fba',
    troupe_id: null,
    created_at: '2026-03-02T16:27:02.380293+00:00',
    provider: 'google',
    settings: {}
  },
  {
    id: '323c110e-2894-4c2b-9a27-f6640e857a44',
    source_type: 'private_script',
    source_id: 'fe2b08eb-d930-4baa-8eb4-f9e09dc76321',
    character_name: 'ROSE',
    voice: 'Algenib',
    created_by: 'd7ac959a-e556-46dd-a417-71f143e35fba',
    troupe_id: null,
    created_at: '2026-03-02T16:27:02.380293+00:00',
    provider: 'google',
    settings: {}
  },
  {
    id: 'd772eeec-802c-4866-80bc-13d59008f009',
    source_type: 'private_script',
    source_id: 'e5b3b159-6e5b-4dfb-9800-724166e00717',
    character_name: 'MADAME CHOUILLOUX',
    voice: 'Laomedeia',
    created_by: 'b777d2ad-3085-45b6-8903-c8472df2204c',
    troupe_id: null,
    created_at: '2026-03-02T16:18:21.343427+00:00',
    provider: 'google',
    settings: {}
  },
  {
    id: '51007376-8ab8-4003-8a37-3d662106a1f2',
    source_type: 'private_script',
    source_id: 'e5b3b159-6e5b-4dfb-9800-724166e00717',
    character_name: 'ROSE',
    voice: 'Algenib',
    created_by: 'b777d2ad-3085-45b6-8903-c8472df2204c',
    troupe_id: null,
    created_at: '2026-03-02T16:18:21.343427+00:00',
    provider: 'google',
    settings: {}
  },
  {
    id: '3b39f943-4117-466a-98cc-2ef226a2b0c5',
    source_type: 'private_script',
    source_id: 'e5b3b159-6e5b-4dfb-9800-724166e00717',
    character_name: 'FOLLAVOINE',
    voice: 'Despina',
    created_by: 'b777d2ad-3085-45b6-8903-c8472df2204c',
    troupe_id: null,
    created_at: '2026-03-02T16:18:21.343427+00:00',
    provider: 'google',
    settings: {}
  },
  {
    id: 'a4d0f9bc-e1a9-4bfb-9928-4bb5d7b6c082',
    source_type: 'private_script',
    source_id: 'e5b3b159-6e5b-4dfb-9800-724166e00717',
    character_name: 'TRUCHET',
    voice: 'Achird',
    created_by: 'b777d2ad-3085-45b6-8903-c8472df2204c',
    troupe_id: null,
    created_at: '2026-03-02T16:18:21.343427+00:00',
    provider: 'google',
    settings: {}
  },
  {
    id: '234f87c8-92b9-44c4-bf63-e1c9ee502817',
    source_type: 'private_script',
    source_id: 'e5b3b159-6e5b-4dfb-9800-724166e00717',
    character_name: 'didascalies',
    voice: 'Aoede',
    created_by: 'b777d2ad-3085-45b6-8903-c8472df2204c',
    troupe_id: null,
    created_at: '2026-03-02T16:18:21.343427+00:00',
    provider: 'google',
    settings: {}
  },
  {
    id: '770e13c8-7e12-40f2-b374-608d0273757f',
    source_type: 'private_script',
    source_id: 'e5b3b159-6e5b-4dfb-9800-724166e00717',
    character_name: 'CHOUILLOUX',
    voice: 'Achird',
    created_by: 'b777d2ad-3085-45b6-8903-c8472df2204c',
    troupe_id: null,
    created_at: '2026-03-02T16:18:21.343427+00:00',
    provider: 'google',
    settings: {}
  },
  {
    id: '36ad1bd6-0ff8-46f2-b3bf-30b8d72a430a',
    source_type: 'private_script',
    source_id: 'e5b3b159-6e5b-4dfb-9800-724166e00717',
    character_name: 'JULIE',
    voice: 'Orus',
    created_by: 'b777d2ad-3085-45b6-8903-c8472df2204c',
    troupe_id: null,
    created_at: '2026-03-02T16:18:21.343427+00:00',
    provider: 'google',
    settings: {}
  },
  {
    id: 'b5914151-2ecc-4008-996c-da55b3de1310',
    source_type: 'private_script',
    source_id: 'e5b3b159-6e5b-4dfb-9800-724166e00717',
    character_name: 'TOTO',
    voice: 'Aoede',
    created_by: 'b777d2ad-3085-45b6-8903-c8472df2204c',
    troupe_id: null,
    created_at: '2026-03-02T16:18:21.343427+00:00',
    provider: 'google',
    settings: {}
  },
  {
    id: '7c12fc1d-3af2-415c-bd82-d793a6893569',
    source_type: 'private_script',
    source_id: 'f0d6c310-83f1-4c2a-8ea0-c27a6a8bfd0e',
    character_name: 'CÉSAR',
    voice: 'Achird',
    created_by: 'd7ac959a-e556-46dd-a417-71f143e35fba',
    troupe_id: null,
    created_at: '2026-03-02T16:14:45.844239+00:00',
    provider: 'google',
    settings: {}
  },
  {
    id: '470bdcb9-40c0-4da9-adda-43181360b912',
    source_type: 'private_script',
    source_id: 'f0d6c310-83f1-4c2a-8ea0-c27a6a8bfd0e',
    character_name: 'didascalies',
    voice: 'Aoede',
    created_by: 'd7ac959a-e556-46dd-a417-71f143e35fba',
    troupe_id: null,
    created_at: '2026-03-02T16:14:45.844239+00:00',
    provider: 'google',
    settings: {}
  },
  {
    id: '0509eabb-d385-4959-8a81-016470f2d9b4',
    source_type: 'private_script',
    source_id: 'f0d6c310-83f1-4c2a-8ea0-c27a6a8bfd0e',
    character_name: 'ESCARTEFIGUE',
    voice: 'Orus',
    created_by: 'd7ac959a-e556-46dd-a417-71f143e35fba',
    troupe_id: null,
    created_at: '2026-03-02T16:14:45.844239+00:00',
    provider: 'google',
    settings: {}
  },
  {
    id: '54033c2b-cca2-4ae2-99f6-54a2a5a1da05',
    source_type: 'private_script',
    source_id: 'f0d6c310-83f1-4c2a-8ea0-c27a6a8bfd0e',
    character_name: 'M. BRUN',
    voice: 'Laomedeia',
    created_by: 'd7ac959a-e556-46dd-a417-71f143e35fba',
    troupe_id: null,
    created_at: '2026-03-02T16:14:45.844239+00:00',
    provider: 'google',
    settings: {}
  }
]
